src/viewmodels/useCartViewModel.ts(40,27): error TS1005: '>' expected.
src/viewmodels/useCartViewModel.ts(40,32): error TS1005: ')' expected.
src/viewmodels/useCartViewModel.ts(40,34): error TS1136: Property assignment expected.
src/viewmodels/useCartViewModel.ts(40,93): error TS1005: ',' expected.
src/viewmodels/useCartViewModel.ts(42,6): error TS1161: Unterminated regular expression literal.
src/viewmodels/useCartViewModel.ts(43,3): error TS1128: Declaration or statement expected.
src/viewmodels/useCartViewModel.ts(44,1): error TS1128: Declaration or statement expected.
